 Container episode-3-failures-redis-1 Running 
 Container episode-3-failures-app-1 Running 
 Container episode-3-failures-postgres-1 Running 
 Container episode-3-failures-postgres-1 Waiting 
 Container episode-3-failures-redis-1 Waiting 
 Container episode-3-failures-redis-1 Healthy 
 Container episode-3-failures-postgres-1 Healthy 
 Container episode-3-failures-load-test-run-d7b5d330eb2b Creating 
 Container episode-3-failures-load-test-run-d7b5d330eb2b Created 

         /\      Grafana   /‾‾/  
    /\  /  \     |\  __   /  /   
   /  \/    \    | |/ /  /   ‾‾\ 
  /          \   |   (  |  (‾)  |
 / __________ \  |_|\_\  \_____/ 

     execution: local
        script: /scripts/ceiling.js
        output: -

     scenarios: (100.00%) 1 scenario, 32 max VUs, 45s max duration (incl. graceful stop):
              * ceiling: 32 looping VUs for 15s (gracefulStop: 30s)


running (01.0s), 32/32 VUs, 256 complete and 0 interrupted iterations
ceiling   [   7% ] 32 VUs  01.0s/15s

running (02.0s), 32/32 VUs, 580 complete and 0 interrupted iterations
ceiling   [  13% ] 32 VUs  02.0s/15s

running (03.0s), 32/32 VUs, 903 complete and 0 interrupted iterations
ceiling   [  20% ] 32 VUs  03.0s/15s

running (04.0s), 32/32 VUs, 1212 complete and 0 interrupted iterations
ceiling   [  27% ] 32 VUs  04.0s/15s

running (05.0s), 32/32 VUs, 1536 complete and 0 interrupted iterations
ceiling   [  33% ] 32 VUs  05.0s/15s

running (06.0s), 32/32 VUs, 1857 complete and 0 interrupted iterations
ceiling   [  40% ] 32 VUs  06.0s/15s

running (07.0s), 32/32 VUs, 2177 complete and 0 interrupted iterations
ceiling   [  47% ] 32 VUs  07.0s/15s

running (08.0s), 32/32 VUs, 2488 complete and 0 interrupted iterations
ceiling   [  53% ] 32 VUs  08.0s/15s

running (09.0s), 32/32 VUs, 2805 complete and 0 interrupted iterations
ceiling   [  60% ] 32 VUs  09.0s/15s

running (10.0s), 32/32 VUs, 3132 complete and 0 interrupted iterations
ceiling   [  67% ] 32 VUs  10.0s/15s

running (11.0s), 32/32 VUs, 3450 complete and 0 interrupted iterations
ceiling   [  73% ] 32 VUs  11.0s/15s

running (12.0s), 32/32 VUs, 3763 complete and 0 interrupted iterations
ceiling   [  80% ] 32 VUs  12.0s/15s

running (13.0s), 32/32 VUs, 4084 complete and 0 interrupted iterations
ceiling   [  87% ] 32 VUs  13.0s/15s

running (14.0s), 32/32 VUs, 4417 complete and 0 interrupted iterations
ceiling   [  93% ] 32 VUs  14.0s/15s

running (15.0s), 32/32 VUs, 4737 complete and 0 interrupted iterations
ceiling   [ 100% ] 32 VUs  15.0s/15s
K6_SUMMARY {"attack":"db-ceiling","note":"uncached reads, never hits Redis","requests":4769,"rps":316.5,"failed_pct":0,"dropped_iterations":0,"latency_ms":{"min":27.6,"med":96.83,"avg":100.81,"p90":140.65,"p95":153.66,"max":344.84},"served_by":{},"latency_by_layer":{}}

running (15.1s), 00/32 VUs, 4769 complete and 0 interrupted iterations
ceiling ✓ [ 100% ] 32 VUs  15s
