turning on log_statement=all for a 150-request burst of phantom ids
curl: (22) The requested URL returned error: 404
curl: (22) The requested URL returned error: 404
curl: (22) The requested URL returned error: 404
curl: (22) The requested URL returned error: 404
curl: (22) The requested URL returned error: 404
curl: (22) The requested URL returned error: 404
curl: (22) The requested URL returned error: 404
curl: (22) The requested URL returned error: 404
curl: (22) The requested URL returned error: 404
curl: (22) The requested URL returned error: 404
curl: (22) The requested URL returned error: 404
curl: (22) The requested URL returned error: 404
curl: (22) The requested URL returned error: 404
curl: (22) The requested URL returned error: 404
curl: (22) The requested URL returned error: 404
curl: (22) The requested URL returned error: 404
curl: (22) The requested URL returned error: 404
curl: (22) The requested URL returned error: 404
curl: (22) The requested URL returned error: 404
curl: (22) The requested URL returned error: 404
curl: (22) The requested URL returned error: 404
curl: (22) The requested URL returned error: 404
curl: (22) The requested URL returned error: 404
curl: (22) The requested URL returned error: 404
curl: (22) The requested URL returned error: 404
curl: (22) The requested URL returned error: 404
curl: (22) The requested URL returned error: 404
curl: (22) The requested URL returned error: 404
curl: (22) The requested URL returned error: 404
curl: (22) The requested URL returned error: 404
curl: (22) The requested URL returned error: 404
curl: (22) The requested URL returned error: 404
curl: (22) The requested URL returned error: 404
curl: (22) The requested URL returned error: 404
curl: (22) The requested URL returned error: 404
curl: (22) The requested URL returned error: 404
curl: (22) The requested URL returned error: 404
curl: (22) The requested URL returned error: 404
curl: (22) The requested URL returned error: 404
curl: (22) The requested URL returned error: 404
curl: (22) The requested URL returned error: 404
curl: (22) The requested URL returned error: 404
curl: (22) The requested URL returned error: 404
curl: (22) The requested URL returned error: 404
curl: (22) The requested URL returned error: 404
curl: (22) The requested URL returned error: 404
curl: (22) The requested URL returned error: 404
curl: (22) The requested URL returned error: 404
curl: (22) The requested URL returned error: 404
curl: (22) The requested URL returned error: 404
curl: (22) The requested URL returned error: 404
curl: (22) The requested URL returned error: 404
curl: (22) The requested URL returned error: 404
curl: (22) The requested URL returned error: 404
curl: (22) The requested URL returned error: 404
curl: (22) The requested URL returned error: 404
curl: (22) The requested URL returned error: 404
curl: (22) The requested URL returned error: 404
curl: (22) The requested URL returned error: 404
curl: (22) The requested URL returned error: 404
curl: (22) The requested URL returned error: 404
curl: (22) The requested URL returned error: 404
curl: (22) The requested URL returned error: 404
curl: (22) The requested URL returned error: 404
curl: (22) The requested URL returned error: 404
curl: (22) The requested URL returned error: 404
curl: (22) The requested URL returned error: 404
curl: (22) The requested URL returned error: 404
curl: (22) The requested URL returned error: 404
curl: (22) The requested URL returned error: 404
curl: (22) The requested URL returned error: 404
curl: (22) The requested URL returned error: 404
curl: (22) The requested URL returned error: 404
curl: (22) The requested URL returned error: 404
curl: (22) The requested URL returned error: 404
curl: (22) The requested URL returned error: 404
curl: (22) The requested URL returned error: 404
curl: (22) The requested URL returned error: 404
curl: (22) The requested URL returned error: 404
curl: (22) The requested URL returned error: 404
curl: (22) The requested URL returned error: 404
curl: (22) The requested URL returned error: 404
curl: (22) The requested URL returned error: 404
curl: (22) The requested URL returned error: 404
curl: (22) The requested URL returned error: 404
curl: (22) The requested URL returned error: 404
curl: (22) The requested URL returned error: 404
curl: (22) The requested URL returned error: 404
curl: (22) The requested URL returned error: 404
curl: (22) The requested URL returned error: 404
curl: (22) The requested URL returned error: 404
curl: (22) The requested URL returned error: 404
curl: (22) The requested URL returned error: 404
curl: (22) The requested URL returned error: 404
curl: (22) The requested URL returned error: 404
curl: (22) The requested URL returned error: 404
curl: (22) The requested URL returned error: 404
curl: (22) The requested URL returned error: 404
curl: (22) The requested URL returned error: 404
curl: (22) The requested URL returned error: 404
curl: (22) The requested URL returned error: 404
curl: (22) The requested URL returned error: 404
curl: (22) The requested URL returned error: 404
curl: (22) The requested URL returned error: 404
curl: (22) The requested URL returned error: 404
curl: (22) The requested URL returned error: 404
curl: (22) The requested URL returned error: 404
curl: (22) The requested URL returned error: 404
curl: (22) The requested URL returned error: 404
curl: (22) The requested URL returned error: 404
curl: (22) The requested URL returned error: 404
curl: (22) The requested URL returned error: 404
curl: (22) The requested URL returned error: 404
curl: (22) The requested URL returned error: 404
curl: (22) The requested URL returned error: 404
curl: (22) The requested URL returned error: 404
curl: (22) The requested URL returned error: 404
curl: (22) The requested URL returned error: 404
curl: (22) The requested URL returned error: 404
curl: (22) The requested URL returned error: 404
curl: (22) The requested URL returned error: 404
curl: (22) The requested URL returned error: 404
curl: (22) The requested URL returned error: 404
curl: (22) The requested URL returned error: 404
curl: (22) The requested URL returned error: 404
curl: (22) The requested URL returned error: 404
curl: (22) The requested URL returned error: 404
curl: (22) The requested URL returned error: 404
curl: (22) The requested URL returned error: 404
curl: (22) The requested URL returned error: 404
curl: (22) The requested URL returned error: 404
curl: (22) The requested URL returned error: 404
curl: (22) The requested URL returned error: 404
curl: (22) The requested URL returned error: 404
curl: (22) The requested URL returned error: 404
curl: (22) The requested URL returned error: 404
curl: (22) The requested URL returned error: 404
curl: (22) The requested URL returned error: 404
curl: (22) The requested URL returned error: 404
curl: (22) The requested URL returned error: 404
curl: (22) The requested URL returned error: 404
curl: (22) The requested URL returned error: 404
curl: (22) The requested URL returned error: 404
curl: (22) The requested URL returned error: 404
curl: (22) The requested URL returned error: 404
curl: (22) The requested URL returned error: 404
curl: (22) The requested URL returned error: 404
curl: (22) The requested URL returned error: 404
curl: (22) The requested URL returned error: 404
curl: (22) The requested URL returned error: 404
./scripts/capture-demo.sh: line 144: $1: unbound variable

Postgres logged  lookups for ids that do not exist. Every one of them
is a request the cache was supposed to absorb. An excerpt:

postgres-1  | 2026-08-30 01:44:42.671 UTC [92] LOG:  execute __asyncpg_stmt_21__: 
postgres-1  | 	SELECT id, name, email, city, joined_at
postgres-1  | 	FROM   users
postgres-1  | 	WHERE  id = $1
postgres-1  | 2026-08-30 01:44:42.671 UTC [92] DETAIL:  parameters: $1 = '-9147'
postgres-1  | 2026-08-30 01:44:42.681 UTC [92] LOG:  execute __asyncpg_stmt_21__: 
postgres-1  | 	SELECT id, name, email, city, joined_at
postgres-1  | 	FROM   users
postgres-1  | 	WHERE  id = $1
postgres-1  | 2026-08-30 01:44:42.681 UTC [92] DETAIL:  parameters: $1 = '-9148'
postgres-1  | 2026-08-30 01:44:42.690 UTC [92] LOG:  execute __asyncpg_stmt_21__: 
postgres-1  | 	SELECT id, name, email, city, joined_at
postgres-1  | 	FROM   users
postgres-1  | 	WHERE  id = $1
postgres-1  | 2026-08-30 01:44:42.690 UTC [92] DETAIL:  parameters: $1 = '-9149'
postgres-1  | 2026-08-30 01:44:42.698 UTC [92] LOG:  execute __asyncpg_stmt_21__: 
postgres-1  | 	SELECT id, name, email, city, joined_at
postgres-1  | 	FROM   users
postgres-1  | 	WHERE  id = $1
postgres-1  | 2026-08-30 01:44:42.698 UTC [92] DETAIL:  parameters: $1 = '-9150'
