 Image episode-1-basics-app Building 
#1 [internal] load local bake definitions
#1 reading from stdin 592B done
#1 DONE 0.0s

#2 [internal] load build definition from Dockerfile
#2 transferring dockerfile: 277B done
#2 DONE 0.0s

#3 [internal] load metadata for docker.io/library/python:3.12-slim
#3 DONE 1.1s

#4 [internal] load .dockerignore
#4 transferring context: 2B done
#4 DONE 0.0s

#5 [1/5] FROM docker.io/library/python:3.12-slim@sha256:09f7da3bc104798d0afb40bc08d23ab2da20a76130cec1f2ef170848f5d85217
#5 DONE 0.0s

#6 [internal] load build context
#6 transferring context: 222B done
#6 DONE 0.0s

#7 [2/5] WORKDIR /srv
#7 CACHED

#8 [4/5] RUN pip install --no-cache-dir -r requirements.txt
#8 CACHED

#9 [3/5] COPY requirements.txt .
#9 CACHED

#10 [5/5] COPY app ./app
#10 CACHED

#11 exporting to image
#11 exporting layers done
#11 writing image sha256:7a71a1527f55a55f7b91f9e649e10438d7a032f9d115f41cd58b5c5cc6ae916b done
#11 naming to docker.io/library/episode-1-basics-app done
#11 DONE 0.0s

#12 resolving provenance for metadata file
#12 DONE 0.0s
 Image episode-1-basics-app Built 
 Network episode-1-basics_default Creating 
 Network episode-1-basics_default Created 
 Volume episode-1-basics_pgdata Creating 
 Volume episode-1-basics_pgdata Created 
 Container episode-1-basics-postgres-1 Creating 
 Container episode-1-basics-redis-1 Creating 
 Container episode-1-basics-redis-1 Created 
 Container episode-1-basics-postgres-1 Created 
 Container episode-1-basics-app-1 Creating 
 Container episode-1-basics-app-1 Created 
 Container episode-1-basics-redis-1 Starting 
 Container episode-1-basics-postgres-1 Starting 
 Container episode-1-basics-redis-1 Started 
 Container episode-1-basics-postgres-1 Started 
 Container episode-1-basics-redis-1 Waiting 
 Container episode-1-basics-postgres-1 Waiting 
 Container episode-1-basics-redis-1 Healthy 
 Container episode-1-basics-postgres-1 Healthy 
 Container episode-1-basics-app-1 Starting 
 Container episode-1-basics-app-1 Started 
