race: policy=update iterations=20 stall=400ms lag=150ms
      writer A -> Toronto (stalled), writer B -> Berlin, baseline Lisbon

  run 1   db=Berlin    cache=Toronto   next-read=Toronto   HIT     0.38 ms   STALE
  run 2   db=Berlin    cache=Toronto   next-read=Toronto   HIT     0.38 ms   STALE
  run 3   db=Berlin    cache=Toronto   next-read=Toronto   HIT     0.43 ms   STALE
  run 4   db=Berlin    cache=Toronto   next-read=Toronto   HIT     0.49 ms   STALE
  run 5   db=Berlin    cache=Toronto   next-read=Toronto   HIT     0.43 ms   STALE
  run 6   db=Berlin    cache=Toronto   next-read=Toronto   HIT     0.46 ms   STALE
  run 7   db=Berlin    cache=Toronto   next-read=Toronto   HIT     0.53 ms   STALE
  run 8   db=Berlin    cache=Toronto   next-read=Toronto   HIT     0.65 ms   STALE
  run 9   db=Berlin    cache=Toronto   next-read=Toronto   HIT     0.34 ms   STALE
  run 10  db=Berlin    cache=Toronto   next-read=Toronto   HIT     0.97 ms   STALE
  run 11  db=Berlin    cache=Toronto   next-read=Toronto   HIT     0.45 ms   STALE
  run 12  db=Berlin    cache=Toronto   next-read=Toronto   HIT     0.36 ms   STALE
  run 13  db=Berlin    cache=Toronto   next-read=Toronto   HIT     0.44 ms   STALE
  run 14  db=Berlin    cache=Toronto   next-read=Toronto   HIT     0.35 ms   STALE
  run 15  db=Berlin    cache=Toronto   next-read=Toronto   HIT     0.43 ms   STALE
  run 16  db=Berlin    cache=Toronto   next-read=Toronto   HIT     0.43 ms   STALE
  run 17  db=Berlin    cache=Toronto   next-read=Toronto   HIT     0.13 ms   STALE
  run 18  db=Berlin    cache=Toronto   next-read=Toronto   HIT     0.41 ms   STALE
  run 19  db=Berlin    cache=Toronto   next-read=Toronto   HIT     0.37 ms   STALE
  run 20  db=Berlin    cache=Toronto   next-read=Toronto   HIT     0.52 ms   STALE

  20/20 runs left the cache disagreeing with the database  (100.0%)
{
  "policy": "update",
  "label": "update",
  "iterations": 20,
  "stall_ms": 400,
  "lag_ms": 150,
  "stale": 20,
  "consistent": 0,
  "stale_pct": 100.0,
  "read_after_race_median_ms": 0.43,
  "read_after_race_status": [
    "HIT"
  ],
  "db_city": "Berlin",
  "cache_city": "Toronto",
  "ttl_on_stale_key": 300
}
