 Image episode-4-stampede-app Building 
 Image episode-4-stampede-demo Building 
#1 [internal] load local bake definitions
#1 reading from stdin 1.13kB done
#1 DONE 0.0s

#2 [app internal] load build definition from Dockerfile
#2 transferring dockerfile: 277B done
#2 DONE 0.0s

#3 [demo internal] load build definition from Dockerfile
#3 transferring dockerfile: 298B done
#3 DONE 0.0s

#4 [app internal] load metadata for docker.io/library/python:3.12-slim
#4 DONE 0.0s

#5 [app internal] load .dockerignore
#5 transferring context: 2B done
#5 DONE 0.0s

#6 [demo internal] load .dockerignore
#6 transferring context: 2B done
#6 DONE 0.0s

#7 [app 1/6] FROM docker.io/library/python:3.12-slim
#7 DONE 0.0s

#8 [app internal] load build context
#8 transferring context: 357B done
#8 DONE 0.0s

#9 [demo internal] load build context
#9 transferring context: 130B done
#9 DONE 0.0s

#10 [demo 4/6] RUN pip install --no-cache-dir -r requirements.txt
#10 CACHED

#11 [demo 3/6] COPY requirements.txt .
#11 CACHED

#12 [demo 5/6] COPY server.py .
#12 CACHED

#13 [demo 6/6] COPY static ./static
#13 CACHED

#14 [app 2/6] WORKDIR /srv
#14 CACHED

#15 [app 3/5] COPY requirements.txt .
#15 CACHED

#16 [app 4/5] RUN pip install --no-cache-dir -r requirements.txt
#16 CACHED

#17 [app 5/5] COPY app ./app
#17 CACHED

#18 [demo] exporting to image
#18 exporting layers done
#18 writing image sha256:e2b161cac40ef165d6ac3f26726e8d67d51822a109b709c0d0d01cb10f27cc4a done
#18 naming to docker.io/library/episode-4-stampede-demo done
#18 DONE 0.0s

#19 [app] exporting to image
#19 exporting layers done
#19 writing image sha256:8bbcae1cd025c5b85cee0f48ace6a9a7c4df68408b39430ec3608f7566e8fb5b done
#19 naming to docker.io/library/episode-4-stampede-app done
#19 DONE 0.0s

#20 [demo] resolving provenance for metadata file
#20 DONE 0.0s

#21 [app] resolving provenance for metadata file
#21 DONE 0.0s
 Image episode-4-stampede-app Built 
 Image episode-4-stampede-demo Built 
 Network episode-4-stampede_default Creating 
 Network episode-4-stampede_default Created 
 Volume episode-4-stampede_pgdata Creating 
 Volume episode-4-stampede_pgdata Created 
 Container episode-4-stampede-postgres-1 Creating 
 Container episode-4-stampede-redis-1 Creating 
 Container episode-4-stampede-postgres-1 Created 
 Container episode-4-stampede-redis-1 Created 
 Container episode-4-stampede-app-1 Creating 
 Container episode-4-stampede-app-1 Created 
 Container episode-4-stampede-demo-1 Creating 
 Container episode-4-stampede-demo-1 Created 
 Container episode-4-stampede-postgres-1 Starting 
 Container episode-4-stampede-redis-1 Starting 
 Container episode-4-stampede-redis-1 Started 
 Container episode-4-stampede-postgres-1 Started 
 Container episode-4-stampede-postgres-1 Waiting 
 Container episode-4-stampede-redis-1 Waiting 
 Container episode-4-stampede-redis-1 Healthy 
 Container episode-4-stampede-postgres-1 Healthy 
 Container episode-4-stampede-app-1 Starting 
 Container episode-4-stampede-app-1 Started 
 Container episode-4-stampede-redis-1 Waiting 
 Container episode-4-stampede-redis-1 Healthy 
 Container episode-4-stampede-demo-1 Starting 
 Container episode-4-stampede-demo-1 Started 
