 Container episode-4-stampede-app-1 Running 
 Container episode-4-stampede-postgres-1 Running 
 Container episode-4-stampede-redis-1 Running 
 Container episode-4-stampede-redis-1 Waiting 
 Container episode-4-stampede-postgres-1 Waiting 
 Container episode-4-stampede-redis-1 Healthy 
 Container episode-4-stampede-postgres-1 Healthy 
 Container episode-4-stampede-load-test-run-4c41d30b96a0 Creating 
 Container episode-4-stampede-load-test-run-4c41d30b96a0 Created 

         /\      Grafana   /‾‾/  
    /\  /  \     |\  __   /  /   
   /  \/    \    | |/ /  /   ‾‾\ 
  /          \   |   (  |  (‾)  |
 / __________ \  |_|\_\  \_____/ 

     execution: local
        script: /scripts/sustained.js
        output: -

     scenarios: (100.00%) 1 scenario, 4000 max VUs, 50s max duration (incl. graceful stop):
              * traffic: 2000.00 iterations/s for 20s (maxVUs: 300-4000, gracefulStop: 30s)


running (01.0s), 0002/0300 VUs, 1964 complete and 0 interrupted iterations
traffic   [   5% ] 0002/0300 VUs  01.0s/20s  2000.00 iters/s

running (02.0s), 0000/0300 VUs, 3965 complete and 0 interrupted iterations
traffic   [  10% ] 0000/0300 VUs  02.0s/20s  2000.00 iters/s

running (03.0s), 0002/0300 VUs, 5964 complete and 0 interrupted iterations
traffic   [  15% ] 0003/0300 VUs  03.0s/20s  2000.00 iters/s

running (04.0s), 0001/0300 VUs, 7963 complete and 0 interrupted iterations
traffic   [  20% ] 0002/0300 VUs  04.0s/20s  2000.00 iters/s

running (05.0s), 0003/0300 VUs, 9964 complete and 0 interrupted iterations
traffic   [  25% ] 0003/0300 VUs  05.0s/20s  2000.00 iters/s

running (06.0s), 0001/0300 VUs, 11965 complete and 0 interrupted iterations
traffic   [  30% ] 0001/0300 VUs  06.0s/20s  2000.00 iters/s

running (07.0s), 0004/0300 VUs, 13965 complete and 0 interrupted iterations
traffic   [  35% ] 0004/0300 VUs  07.0s/20s  2000.00 iters/s

running (08.0s), 0001/0300 VUs, 15965 complete and 0 interrupted iterations
traffic   [  40% ] 0001/0300 VUs  08.0s/20s  2000.00 iters/s

running (09.0s), 0000/0300 VUs, 17966 complete and 0 interrupted iterations
traffic   [  45% ] 0000/0300 VUs  09.0s/20s  2000.00 iters/s

running (10.0s), 0005/0300 VUs, 19961 complete and 0 interrupted iterations
traffic   [  50% ] 0005/0300 VUs  10.0s/20s  2000.00 iters/s

running (11.0s), 0007/0300 VUs, 21960 complete and 0 interrupted iterations
traffic   [  55% ] 0007/0300 VUs  11.0s/20s  2000.00 iters/s

running (12.0s), 0001/0300 VUs, 23965 complete and 0 interrupted iterations
traffic   [  60% ] 0001/0300 VUs  12.0s/20s  2000.00 iters/s

running (13.0s), 0000/0300 VUs, 25963 complete and 0 interrupted iterations
traffic   [  65% ] 0001/0300 VUs  13.0s/20s  2000.00 iters/s

running (14.0s), 0000/0300 VUs, 27963 complete and 0 interrupted iterations
traffic   [  70% ] 0000/0300 VUs  14.0s/20s  2000.00 iters/s

running (15.0s), 0000/0300 VUs, 29966 complete and 0 interrupted iterations
traffic   [  75% ] 0001/0300 VUs  15.0s/20s  2000.00 iters/s

running (16.0s), 0000/0300 VUs, 31964 complete and 0 interrupted iterations
traffic   [  80% ] 0000/0300 VUs  16.0s/20s  2000.00 iters/s

running (17.0s), 0000/0300 VUs, 33964 complete and 0 interrupted iterations
traffic   [  85% ] 0000/0300 VUs  17.0s/20s  2000.00 iters/s

running (18.0s), 0004/0300 VUs, 35962 complete and 0 interrupted iterations
traffic   [  90% ] 0004/0300 VUs  18.0s/20s  2000.00 iters/s

running (19.0s), 0000/0300 VUs, 37966 complete and 0 interrupted iterations
traffic   [  95% ] 0000/0300 VUs  19.0s/20s  2000.00 iters/s

running (20.0s), 0001/0300 VUs, 39965 complete and 0 interrupted iterations
traffic   [ 100% ] 0001/0300 VUs  20.0s/20s  2000.00 iters/s
K6_SUMMARY {"attack":"release-unsafe","hot_key":"user:42","requests":40001,"rps":2000,"failed_pct":0,"dropped_iterations":0,"latency_ms":{"min":0.14,"med":0.38,"avg":0.69,"p90":0.8,"p95":1.11,"p99":2.9,"max":52.39},"served_by":{"wait_hit":323,"hit":39661,"leader":17},"latency_by_layer":{"leader":{"med":25.16,"p95":31.75,"p99":32.17,"max":32.28},"waithit":{"med":21.21,"p95":44.72,"p99":51.26,"max":52.39},"hit":{"med":0.38,"p95":1.04,"p99":1.67,"max":9.36}}}

running (20.0s), 0000/0300 VUs, 40001 complete and 0 interrupted iterations
traffic ✓ [ 100% ] 0000/0300 VUs  20s  2000.00 iters/s
