 Container episode-4-stampede-redis-1 Running 
 Container episode-4-stampede-app-1 Running 
 Container episode-4-stampede-postgres-1 Running 
 Container episode-4-stampede-postgres-1 Waiting 
 Container episode-4-stampede-redis-1 Waiting 
 Container episode-4-stampede-redis-1 Healthy 
 Container episode-4-stampede-postgres-1 Healthy 
 Container episode-4-stampede-load-test-run-5fa01b7a557d Creating 
 Container episode-4-stampede-load-test-run-5fa01b7a557d Created 

         /\      Grafana   /‾‾/  
    /\  /  \     |\  __   /  /   
   /  \/    \    | |/ /  /   ‾‾\ 
  /          \   |   (  |  (‾)  |
 / __________ \  |_|\_\  \_____/ 

     execution: local
        script: /scripts/sustained.js
        output: -

     scenarios: (100.00%) 1 scenario, 4000 max VUs, 50s max duration (incl. graceful stop):
              * traffic: 2000.00 iterations/s for 20s (maxVUs: 300-4000, gracefulStop: 30s)


running (01.0s), 0001/0300 VUs, 1945 complete and 0 interrupted iterations
traffic   [   5% ] 0001/0300 VUs  01.0s/20s  2000.00 iters/s

running (02.0s), 0002/0300 VUs, 3945 complete and 0 interrupted iterations
traffic   [  10% ] 0001/0300 VUs  02.0s/20s  2000.00 iters/s

running (03.0s), 0000/0300 VUs, 5942 complete and 0 interrupted iterations
traffic   [  15% ] 0000/0300 VUs  03.0s/20s  2000.00 iters/s

running (04.0s), 0003/0300 VUs, 7944 complete and 0 interrupted iterations
traffic   [  20% ] 0003/0300 VUs  04.0s/20s  2000.00 iters/s

running (05.0s), 0000/0300 VUs, 9943 complete and 0 interrupted iterations
traffic   [  25% ] 0000/0300 VUs  05.0s/20s  2000.00 iters/s

running (06.0s), 0001/0300 VUs, 11945 complete and 0 interrupted iterations
traffic   [  30% ] 0001/0300 VUs  06.0s/20s  2000.00 iters/s

running (07.0s), 0006/0300 VUs, 13941 complete and 0 interrupted iterations
traffic   [  35% ] 0005/0300 VUs  07.0s/20s  2000.00 iters/s

running (08.0s), 0001/0300 VUs, 15947 complete and 0 interrupted iterations
traffic   [  40% ] 0002/0300 VUs  08.0s/20s  2000.00 iters/s

running (09.0s), 0004/0300 VUs, 17945 complete and 0 interrupted iterations
traffic   [  45% ] 0004/0300 VUs  09.0s/20s  2000.00 iters/s

running (10.0s), 0003/0300 VUs, 19942 complete and 0 interrupted iterations
traffic   [  50% ] 0004/0300 VUs  10.0s/20s  2000.00 iters/s

running (11.0s), 0001/0300 VUs, 21945 complete and 0 interrupted iterations
traffic   [  55% ] 0000/0300 VUs  11.0s/20s  2000.00 iters/s

running (12.0s), 0001/0300 VUs, 23945 complete and 0 interrupted iterations
traffic   [  60% ] 0001/0300 VUs  12.0s/20s  2000.00 iters/s

running (13.0s), 0003/0300 VUs, 25943 complete and 0 interrupted iterations
traffic   [  65% ] 0003/0300 VUs  13.0s/20s  2000.00 iters/s

running (14.0s), 0003/0300 VUs, 27944 complete and 0 interrupted iterations
traffic   [  70% ] 0002/0300 VUs  14.0s/20s  2000.00 iters/s

running (15.0s), 0004/0300 VUs, 29943 complete and 0 interrupted iterations
traffic   [  75% ] 0004/0300 VUs  15.0s/20s  2000.00 iters/s

running (16.0s), 0004/0300 VUs, 31945 complete and 0 interrupted iterations
traffic   [  80% ] 0004/0300 VUs  16.0s/20s  2000.00 iters/s

running (17.0s), 0002/0300 VUs, 33944 complete and 0 interrupted iterations
traffic   [  85% ] 0002/0300 VUs  17.0s/20s  2000.00 iters/s

running (18.0s), 0000/0300 VUs, 35946 complete and 0 interrupted iterations
traffic   [  90% ] 0001/0300 VUs  18.0s/20s  2000.00 iters/s

running (19.0s), 0002/0300 VUs, 37944 complete and 0 interrupted iterations
traffic   [  95% ] 0002/0300 VUs  19.0s/20s  2000.00 iters/s

running (20.0s), 0003/0300 VUs, 39942 complete and 0 interrupted iterations
traffic   [ 100% ] 0003/0300 VUs  20.0s/20s  2000.00 iters/s
K6_SUMMARY {"attack":"release-lua","hot_key":"user:42","requests":40001,"rps":1999.9,"failed_pct":0,"dropped_iterations":0,"latency_ms":{"min":0.15,"med":0.39,"avg":0.65,"p90":0.8,"p95":1.1,"p99":2.3,"max":43.14},"served_by":{"wait_hit":287,"leader":17,"hit":39697},"latency_by_layer":{"leader":{"med":24.06,"p95":28.36,"p99":30.24,"max":30.71},"waithit":{"med":21.1,"p95":41.78,"p99":42.75,"max":43.14},"hit":{"med":0.39,"p95":1.04,"p99":1.61,"max":19.91}}}

running (20.0s), 0000/0300 VUs, 40001 complete and 0 interrupted iterations
traffic ✓ [ 100% ] 0000/0300 VUs  20s  2000.00 iters/s
